
> english-learning-app@0.0.1 build
> next build

⚠ `images.domains` is deprecated in favor of `images.remotePatterns`. Please update next.config.mjs to protect your application from malicious users.
⚠ Warning: Next.js inferred your workspace root, but it may not be correct.
 We detected multiple lockfiles and selected the directory of /home/Liew/package-lock.json as the root directory.
 To silence this warning, set `turbopack.root` in your Next.js config, or consider removing one of the lockfiles if it's not needed.
   See https://nextjs.org/docs/app/api-reference/config/next-config-js/turbopack#root-directory for more information.
 Detected additional lockfiles: 
   * /home/Liew/projects/english-learning-app/package-lock.json

▲ Next.js 16.1.7 (Turbopack)
- Environments: .env

  Creating an optimized production build ...
✓ Compiled successfully in 15.4s
  Running TypeScript ...
  Collecting page data using 11 workers ...
  Generating static pages using 11 workers (0/14) ...
  Generating static pages using 11 workers (3/14) 
  Generating static pages using 11 workers (6/14) 
  Generating static pages using 11 workers (10/14) 
✓ Generating static pages using 11 workers (14/14) in 1415.3ms
  Finalizing page optimization ...

Route (app)
┌ ○ /
├ ○ /_not-found
├ ƒ /api/auth/[...nextauth]
├ ƒ /api/flashcards
├ ƒ /api/generate
├ ƒ /api/streak
├ ƒ /api/words
├ ○ /essay
├ ƒ /flashcards
├ ○ /games
├ ○ /login
├ ƒ /saved-words
└ ○ /tools


○  (Static)   prerendered as static content
ƒ  (Dynamic)  server-rendered on demand

